============================= test session starts =============================
platform win32 -- Python 3.14.6, pytest-9.0.3, pluggy-1.6.0
rootdir: C:\Users\dipes\OneDrive\Desktop\HeatShieldX
configfile: pytest.ini
plugins: anyio-4.12.1
collected 149 items / 12 deselected / 137 selected

tests\test_citizen_6b.py ....                                            [  2%]
tests\test_citizen_7a.py .....                                           [  6%]
tests\test_config.py .                                                   [  7%]
tests\test_contracts.py .                                                [  8%]
tests\test_copilot_7b1.py .............................................. [ 41%]
...................                                                      [ 55%]
tests\test_copilot_7b2.py ....                                           [ 58%]
tests\test_data_engine.py ..                                             [ 59%]
tests\test_demo_e2e.py ..                                                [ 61%]
tests\test_explainability.py ....                                        [ 64%]
tests\test_exposure_engine.py .....                                      [ 67%]
tests\test_hardening_8a.py .........                                     [ 74%]
tests\test_intervention_engine.py .                                      [ 75%]
tests\test_planner_5b.py ...                                             [ 77%]
tests\test_risk_engine.py .......                                        [ 82%]
tests\test_risk_routes.py ..                                             [ 83%]
tests\test_routes.py .........                                           [ 90%]
tests\test_routing_6a.py ........                                        [ 96%]
tests\test_shadow_engine.py .....                                        [100%]

============================== warnings summary ===============================
..\..\..\anaconda3\Lib\site-packages\fastapi\testclient.py:1
  C:\Users\dipes\anaconda3\Lib\site-packages\fastapi\testclient.py:1: StarletteDeprecationWarning: Using `httpx` with `starlette.testclient` is deprecated; install `httpx2` instead.
    from starlette.testclient import TestClient as TestClient  # noqa

app\main.py:40
  C:\Users\dipes\OneDrive\Desktop\HeatShieldX\app\main.py:40: DeprecationWarning: 
          on_event is deprecated, use lifespan event handlers instead.
  
          Read more about it in the
          [FastAPI docs for Lifespan Events](https://fastapi.tiangolo.com/advanced/events/).
          
    @app.on_event("startup")

..\..\..\anaconda3\Lib\site-packages\fastapi\applications.py:4745
  C:\Users\dipes\anaconda3\Lib\site-packages\fastapi\applications.py:4745: DeprecationWarning: 
          on_event is deprecated, use lifespan event handlers instead.
  
          Read more about it in the
          [FastAPI docs for Lifespan Events](https://fastapi.tiangolo.com/advanced/events/).
          
    return self.router.on_event(event_type)  # ty: ignore[deprecated]

-- Docs: https://docs.pytest.org/en/stable/how-to/capture-warnings.html
=============== 137 passed, 12 deselected, 3 warnings in 38.96s ===============
